
pavelmamaev@MacBook-Pro-Pavel Desktop % /usr/local/mysql/bin/mysql -u root -p
Enter password:
Welcome to the MySQL monitor.  Commands end with ; or \g.
Your MySQL connection id is 19
Server version: 8.0.27 MySQL Community Server - GPL

Copyright (c) 2000, 2021, Oracle and/or its affiliates.

Oracle is a registered trademark of Oracle Corporation and/or its
affiliates. Other names may be trademarks of their respective
owners.

Type 'help;' or '\h' for help. Type '\c' to clear the current input statement.

mysql> create database example
    -> ;
ERROR 1007 (HY000): Can't create database 'example'; database exists
mysql> drop database example
    -> ;
Query OK, 1 row affected (0.08 sec)

mysql> create database example;
Query OK, 1 row affected (0.01 sec)

mysql> show database
    -> ;
ERROR 1064 (42000): You have an error in your SQL syntax; check the manual that corresponds to your MySQL server version for the right syntax to use near 'database' at line 1
mysql> show databases;
+--------------------+
| Database           |
+--------------------+
| example            |
| information_schema |
| mysql              |
| performance_schema |
| sample             |
| sys                |
+--------------------+
6 rows in set (0.01 sec)

mysql> ! ls
    -> ;
ERROR 1064 (42000): You have an error in your SQL syntax; check the manual that corresponds to your MySQL server version for the right syntax to use near '! ls' at line 1
mysql> /! ls
    -> ;
ERROR 1064 (42000): You have an error in your SQL syntax; check the manual that corresponds to your MySQL server version for the right syntax to use near '/! ls' at line 1
mysql> \! ls
GB					~$ртук комфорт4-W.docx
~$ртук комфорт3-W.docx
mysql> sourse example.sql
    -> l
    -> ;
ERROR 1064 (42000): You have an error in your SQL syntax; check the manual that corresponds to your MySQL server version for the right syntax to use near 'sourse example.sql
l' at line 1
mysql> sourse example.sql;
ERROR 1064 (42000): You have an error in your SQL syntax; check the manual that corresponds to your MySQL server version for the right syntax to use near 'sourse example.sql' at line 1
mysql> source example.sql;
ERROR:
Failed to open file 'example.sql', error: 2
mysql> use example
Database changed
mysql> source example.sql;
ERROR:
Failed to open file 'example.sql', error: 2
mysql> show databases;
+--------------------+
| Database           |
+--------------------+
| example            |
| information_schema |
| mysql              |
| performance_schema |
| sample             |
| sys                |
+--------------------+
6 rows in set (0.00 sec)

mysql> use example
Database changed
mysql> show tables;
Empty set (0.00 sec)

mysql> mysqldumo example > sample.sql
    -> ;
ERROR 1064 (42000): You have an error in your SQL syntax; check the manual that corresponds to your MySQL server version for the right syntax to use near 'mysqldumo example > sample.sql' at line 1
mysql> mysqldump example > sample.sql;
ERROR 1064 (42000): You have an error in your SQL syntax; check the manual that corresponds to your MySQL server version for the right syntax to use near 'mysqldump example > sample.sql' at line 1
mysql> \! mysqldump example > sample.sql;
sh: mysqldump: command not found
mysql> \! ls -la
total 32
drwx------@  8 pavelmamaev  staff   256 28 Nov 00:25 .
drwxr-xr-x+ 77 pavelmamaev  staff  2464 27 Nov 23:13 ..
-rw-r--r--@  1 pavelmamaev  staff  6148 28 Nov 00:25 .DS_Store
-rw-r--r--   1 pavelmamaev  staff     0  9 Oct  2020 .localized
drwxr-xr-x   6 pavelmamaev  staff   192 27 Nov 23:08 GB
-rw-r--r--   1 pavelmamaev  staff     0 28 Nov 00:25 sample.sql
-rw-r--r--@  1 pavelmamaev  staff   162  6 May  2021 ~$ртук комфорт3-W.docx
-rw-r--r--@  1 pavelmamaev  staff   162  6 May  2021 ~$ртук комфорт4-W.docx
mysql> use sample
Reading table information for completion of table and column names
You can turn off this feature to get a quicker startup with -A

Database changed
mysql> SOURCE saple.sql
ERROR:
Failed to open file 'saple.sql', error: 2
mysql> SOURCE sample.sql
mysql> show tables;
+------------------+
| Tables_in_sample |
+------------------+
| users            |
+------------------+
1 row in set (0.00 sec)

mysql>